============================= test session starts =============================
platform win32 -- Python 3.10.5, pytest-7.4.0, pluggy-1.2.0 -- C:\Python310\python.exe
cachedir: .pytest_cache
benchmark: 4.0.0 (defaults: timer=time.perf_counter disable_gc=False min_rounds=5 min_time=0.000005 max_time=1.0 calibration_precision=10 warmup=False warmup_iterations=100000)
rootdir: D:\repos\pdf_merge_project
configfile: pyproject.toml
testpaths: tests
plugins: anyio-3.7.1, asyncio-0.21.0, benchmark-4.0.0, cov-4.1.0, integration-0.2.3, mock-3.11.1, recording-0.12.2, xdist-3.3.1
asyncio: mode=strict
collecting ... collected 13 items

tests/test_actions.py::TestPDFManager::test_merge_pdfs_success PASSED    [  7%]
tests/test_actions.py::TestPDFManager::test_split_pdf_success FAILED     [ 15%]
tests/test_actions.py::TestPDFManager::test_rotate_pdf_success FAILED    [ 23%]
tests/test_actions.py::TestPDFManager::test_convert_images_no_images PASSED [ 30%]
tests/test_actions.py::TestPDFManager::test_convert_images_success PASSED [ 38%]
tests/test_validators.py::TestValidator::test_validate_file_exists PASSED [ 46%]
tests/test_validators.py::TestValidator::test_validate_file_not_found PASSED [ 53%]
tests/test_validators.py::TestValidator::test_validate_pdf_valid PASSED  [ 61%]
tests/test_validators.py::TestValidator::test_validate_pdf_invalid_header PASSED [ 69%]
tests/test_validators.py::TestValidator::test_validate_image_valid_png PASSED [ 76%]
tests/test_validators.py::TestValidator::test_validate_image_valid_jpg PASSED [ 84%]
tests/test_validators.py::TestValidator::test_validate_image_invalid_extension PASSED [ 92%]
tests/test_validators.py::TestValidator::test_validate_image_invalid_magic PASSED [100%]

================================== FAILURES ===================================
____________________ TestPDFManager.test_split_pdf_success ____________________

file_path = <MagicMock name='validate_paths.__truediv__()' id='2296770857760'>
output_dir = <MagicMock name='validate_paths' id='2296770761664'>

    @staticmethod
    def split_pdf(file_path: Union[str, Path], output_dir: Union[str, Path]) -> List[Path]:
        """
        Splits a PDF into individual pages.
    
        Args:
            file_path: Path to the source PDF.
            output_dir: Directory to save the pages.
    
        Returns:
            List of paths to the generated files.
        """
        try:
>           Validator.validate_pdf(file_path)

src\kagazkit\core\actions.py:134: 
_ _ _ _ _ _ _ _ _ _ _ _ _ _ _ _ _ _ _ _ _ _ _ _ _ _ _ _ _ _ _ _ _ _ _ _ _ _ _ _
src\kagazkit\core\validators.py:60: in validate_pdf
    cls.validate_file(file_path)
_ _ _ _ _ _ _ _ _ _ _ _ _ _ _ _ _ _ _ _ _ _ _ _ _ _ _ _ _ _ _ _ _ _ _ _ _ _ _ _

file_path = <MagicMock name='validate_paths.__truediv__()' id='2296770857760'>

    @staticmethod
    def validate_file(file_path: Union[str, Path]) -> bool:
        """
        Validates a single file exists and is a file.
    
        Args:
            file_path: Path to the file.
    
        Returns:
            True if valid.
    
        Raises:
            FileValidationError: If file does not exist or is not a file.
        """
        path = Path(file_path)
        if not path.exists():
>           raise FileValidationError(f"File not found: {file_path}")
E           kagazkit.core.validators.FileValidationError: File not found: <MagicMock name='validate_paths.__truediv__()' id='2296770857760'>

src\kagazkit\core\validators.py:41: FileValidationError

During handling of the above exception, another exception occurred:

self = <test_actions.TestPDFManager object at 0x00000216C27FF010>
mock_reader = <MagicMock name='PdfReader' id='2296770720960'>
tmp_path = <MagicMock name='validate_paths' id='2296770761664'>

    @patch('kagazkit.core.validators.Validator.validate_paths')
    @patch('kagazkit.core.actions.PdfReader')
    def test_split_pdf_success(self, mock_reader, tmp_path):
        # Mock behavior
        mock_pdf = MagicMock()
        mock_pdf.pages = [MagicMock(), MagicMock(), MagicMock()] # 3 pages
        mock_reader.return_value = mock_pdf
    
        input_pdf = tmp_path / "test.pdf"
        input_pdf.write_bytes(b"%PDF-1.4 dummy content")
    
        # Execute
>       result = PDFManager.split_pdf(input_pdf, tmp_path)

tests\test_actions.py:40: 
_ _ _ _ _ _ _ _ _ _ _ _ _ _ _ _ _ _ _ _ _ _ _ _ _ _ _ _ _ _ _ _ _ _ _ _ _ _ _ _

file_path = <MagicMock name='validate_paths.__truediv__()' id='2296770857760'>
output_dir = <MagicMock name='validate_paths' id='2296770761664'>

    @staticmethod
    def split_pdf(file_path: Union[str, Path], output_dir: Union[str, Path]) -> List[Path]:
        """
        Splits a PDF into individual pages.
    
        Args:
            file_path: Path to the source PDF.
            output_dir: Directory to save the pages.
    
        Returns:
            List of paths to the generated files.
        """
        try:
            Validator.validate_pdf(file_path)
        except FileValidationError as e:
>           raise PDFActionError(f"Validation failed: {e}")
E           kagazkit.core.actions.PDFActionError: Validation failed: File not found: <MagicMock name='validate_paths.__truediv__()' id='2296770857760'>

src\kagazkit\core\actions.py:136: PDFActionError
___________________ TestPDFManager.test_rotate_pdf_success ____________________

self = <MagicMock name='PdfWriter().write' id='2296770678736'>
args = (WindowsPath('C:/Users/farja/AppData/Local/Temp/pytest-of-farja/pytest-8/test_rotate_pdf_success0/rotated.pdf'),)
kwargs = {}
expected = call(WindowsPath('C:/Users/farja/AppData/Local/Temp/pytest-of-farja/pytest-8/test_rotate_pdf_success0/rotated.pdf'))
actual = call(<_io.BufferedWriter name='C:\\Users\\farja\\AppData\\Local\\Temp\\pytest-of-farja\\pytest-8\\test_rotate_pdf_success0\\rotated.pdf'>)
_error_message = <function NonCallableMock.assert_called_with.<locals>._error_message at 0x00000216C22E7E20>
cause = None

    def assert_called_with(self, /, *args, **kwargs):
        """assert that the last call was made with the specified arguments.
    
        Raises an AssertionError if the args and keyword args passed in are
        different to the last call to the mock."""
        if self.call_args is None:
            expected = self._format_mock_call_signature(args, kwargs)
            actual = 'not called.'
            error_message = ('expected call not found.\nExpected: %s\nActual: %s'
                    % (expected, actual))
            raise AssertionError(error_message)
    
        def _error_message():
            msg = self._format_mock_failure_message(args, kwargs)
            return msg
        expected = self._call_matcher(_Call((args, kwargs), two=True))
        actual = self._call_matcher(self.call_args)
        if actual != expected:
            cause = expected if isinstance(expected, Exception) else None
>           raise AssertionError(_error_message()) from cause
E           AssertionError: expected call not found.
E           Expected: write(WindowsPath('C:/Users/farja/AppData/Local/Temp/pytest-of-farja/pytest-8/test_rotate_pdf_success0/rotated.pdf'))
E           Actual: write(<_io.BufferedWriter name='C:\\Users\\farja\\AppData\\Local\\Temp\\pytest-of-farja\\pytest-8\\test_rotate_pdf_success0\\rotated.pdf'>)

C:\Python310\lib\unittest\mock.py:919: AssertionError

During handling of the above exception, another exception occurred:

self = <test_actions.TestPDFManager object at 0x00000216C27FF250>
mock_writer = <MagicMock name='PdfWriter' id='2296770710592'>
mock_reader = <MagicMock name='PdfReader' id='2296770718128'>
tmp_path = WindowsPath('C:/Users/farja/AppData/Local/Temp/pytest-of-farja/pytest-8/test_rotate_pdf_success0')

    @patch('kagazkit.core.actions.PdfReader')
    @patch('kagazkit.core.actions.PdfWriter')
    def test_rotate_pdf_success(self, mock_writer, mock_reader, tmp_path):
        # Mock behavior
        mock_pdf = MagicMock()
        mock_pdf.pages = [MagicMock()]
        mock_reader.return_value = mock_pdf
    
        mock_writer_instance = mock_writer.return_value
    
        input_pdf = tmp_path / "test.pdf"
        input_pdf.write_bytes(b"%PDF-1.4 dummy content")
        output_pdf = tmp_path / "rotated.pdf"
    
        # Execute
        result = PDFManager.rotate_pdf(input_pdf, output_pdf, 90)
    
        # Verify
        assert result == output_pdf
        mock_writer_instance.add_page.assert_called()
>       mock_writer_instance.write.assert_called_with(output_pdf)
E       AssertionError: expected call not found.
E       Expected: write(WindowsPath('C:/Users/farja/AppData/Local/Temp/pytest-of-farja/pytest-8/test_rotate_pdf_success0/rotated.pdf'))
E       Actual: write(<_io.BufferedWriter name='C:\\Users\\farja\\AppData\\Local\\Temp\\pytest-of-farja\\pytest-8\\test_rotate_pdf_success0\\rotated.pdf'>)
E       
E       pytest introspection follows:
E       
E       Args:
E       assert (<_io.Buffere...otated.pdf'>,) == (WindowsPath(...otated.pdf'),)
E         At index 0 diff: <_io.BufferedWriter name='C:\\Users\\farja\\AppData\\Local\\Temp\\pytest-of-farja\\pytest-8\\test_rotate_pdf_success0\\rotated.pdf'> != WindowsPath('C:/Users/farja/AppData/Local/Temp/pytest-of-farja/pytest-8/test_rotate_pdf_success0/rotated.pdf')
E         Full diff:
E         - (WindowsPath('C:/Users/farja/AppData/Local/Temp/pytest-of-farja/pytest-8/test_rotate_pdf_success0/rotated.pdf'),)
E         ?     ----- ^^^   ^     ^     ^       ^     ^    ^               ^        ^                        ^            ^
E         + (<_io.BufferedWriter name='C:\\Users\\farja\\AppData\\Local\\Temp\\pytest...
E         
E         ...Full output truncated (2 lines hidden), use '-vv' to show

tests\test_actions.py:67: AssertionError
============================== warnings summary ===============================
C:\Python310\lib\site-packages\PyPDF2\__init__.py:21
  C:\Python310\lib\site-packages\PyPDF2\__init__.py:21: DeprecationWarning: PyPDF2 is deprecated. Please move to the pypdf library instead.
    warnings.warn(

-- Docs: https://docs.pytest.org/en/stable/how-to/capture-warnings.html
=========================== short test summary info ===========================
FAILED tests/test_actions.py::TestPDFManager::test_split_pdf_success - kagazk...
FAILED tests/test_actions.py::TestPDFManager::test_rotate_pdf_success - Asser...
=================== 2 failed, 11 passed, 1 warning in 1.84s ===================
