============================= test session starts =============================
platform win32 -- Python 3.10.5, pytest-7.4.0, pluggy-1.2.0 -- C:\Python310\python.exe
cachedir: .pytest_cache
benchmark: 4.0.0 (defaults: timer=time.perf_counter disable_gc=False min_rounds=5 min_time=0.000005 max_time=1.0 calibration_precision=10 warmup=False warmup_iterations=100000)
rootdir: D:\repos\pdf_merge_project
configfile: pyproject.toml
testpaths: tests
plugins: anyio-3.7.1, asyncio-0.21.0, benchmark-4.0.0, cov-4.1.0, integration-0.2.3, mock-3.11.1, recording-0.12.2, xdist-3.3.1
asyncio: mode=strict
collecting ... collected 13 items

tests/test_actions.py::TestPDFManager::test_merge_pdfs_success PASSED    [  7%]
tests/test_actions.py::TestPDFManager::test_split_pdf_success FAILED     [ 15%]
tests/test_actions.py::TestPDFManager::test_rotate_pdf_success FAILED    [ 23%]
tests/test_actions.py::TestPDFManager::test_convert_images_no_images PASSED [ 30%]
tests/test_actions.py::TestPDFManager::test_convert_images_success PASSED [ 38%]
tests/test_validators.py::TestValidator::test_validate_file_exists PASSED [ 46%]
tests/test_validators.py::TestValidator::test_validate_file_not_found PASSED [ 53%]
tests/test_validators.py::TestValidator::test_validate_pdf_valid PASSED  [ 61%]
tests/test_validators.py::TestValidator::test_validate_pdf_invalid_header PASSED [ 69%]
tests/test_validators.py::TestValidator::test_validate_image_valid_png PASSED [ 76%]
tests/test_validators.py::TestValidator::test_validate_image_valid_jpg PASSED [ 84%]
tests/test_validators.py::TestValidator::test_validate_image_invalid_extension PASSED [ 92%]
tests/test_validators.py::TestValidator::test_validate_image_invalid_magic PASSED [100%]

================================== FAILURES ===================================
____________________ TestPDFManager.test_split_pdf_success ____________________

file_path = WindowsPath('C:/Users/farja/AppData/Local/Temp/pytest-of-farja/pytest-13/test_split_pdf_success0/test.pdf')
output_dir = WindowsPath('C:/Users/farja/AppData/Local/Temp/pytest-of-farja/pytest-13/test_split_pdf_success0')

    @staticmethod
    def split_pdf(file_path: Union[str, Path], output_dir: Union[str, Path]) -> List[Path]:
        """
        Splits a PDF into individual pages.
    
        Args:
            file_path: Path to the source PDF.
            output_dir: Directory to save the pages.
    
        Returns:
            List of paths to the generated files.
        """
        try:
            Validator.validate_pdf(file_path)
        except FileValidationError as e:
            raise PDFActionError(f"Validation failed: {e}")
    
        src_path = Path(file_path)
        out_dir = Path(output_dir)
        out_dir.mkdir(parents=True, exist_ok=True)
    
        generated_files = []
    
        try:
            reader = PdfReader(src_path)
            base_name = src_path.stem
    
            for i, page in enumerate(reader.pages):
                writer = PdfWriter()
>               writer.add_page(page)

src\kagazkit\core\actions.py:150: 
_ _ _ _ _ _ _ _ _ _ _ _ _ _ _ _ _ _ _ _ _ _ _ _ _ _ _ _ _ _ _ _ _ _ _ _ _ _ _ _
C:\Python310\lib\site-packages\PyPDF2\_writer.py:321: in add_page
    return self._add_page(page, list.append, excluded_keys)
_ _ _ _ _ _ _ _ _ _ _ _ _ _ _ _ _ _ _ _ _ _ _ _ _ _ _ _ _ _ _ _ _ _ _ _ _ _ _ _

self = <PyPDF2._writer.PdfWriter object at 0x00000219D8BBD000>
page = <MagicMock id='2310033552288'>
action = <method 'append' of 'list' objects>, excluded_keys = ()

    def _add_page(
        self,
        page: PageObject,
        action: Callable[[Any, IndirectObject], None],
        excluded_keys: Iterable[str] = (),
    ) -> PageObject:
>       assert cast(str, page[PA.TYPE]) == CO.PAGE
E       AssertionError

C:\Python310\lib\site-packages\PyPDF2\_writer.py:258: AssertionError

During handling of the above exception, another exception occurred:

self = <test_actions.TestPDFManager object at 0x00000219D905F070>
mock_reader = <MagicMock name='PdfReader' id='2310033503904'>
tmp_path = WindowsPath('C:/Users/farja/AppData/Local/Temp/pytest-of-farja/pytest-13/test_split_pdf_success0')

    @patch('kagazkit.core.actions.PdfReader')
    def test_split_pdf_success(self, mock_reader, tmp_path):
        # Mock behavior
        mock_pdf = MagicMock()
        mock_pdf.pages = [MagicMock(), MagicMock(), MagicMock()] # 3 pages
        mock_reader.return_value = mock_pdf
    
        input_pdf = tmp_path / "test.pdf"
        input_pdf.write_bytes(b"%PDF-1.4 dummy content")
    
        # Execute
>       result = PDFManager.split_pdf(input_pdf, tmp_path)

tests\test_actions.py:39: 
_ _ _ _ _ _ _ _ _ _ _ _ _ _ _ _ _ _ _ _ _ _ _ _ _ _ _ _ _ _ _ _ _ _ _ _ _ _ _ _

file_path = WindowsPath('C:/Users/farja/AppData/Local/Temp/pytest-of-farja/pytest-13/test_split_pdf_success0/test.pdf')
output_dir = WindowsPath('C:/Users/farja/AppData/Local/Temp/pytest-of-farja/pytest-13/test_split_pdf_success0')

    @staticmethod
    def split_pdf(file_path: Union[str, Path], output_dir: Union[str, Path]) -> List[Path]:
        """
        Splits a PDF into individual pages.
    
        Args:
            file_path: Path to the source PDF.
            output_dir: Directory to save the pages.
    
        Returns:
            List of paths to the generated files.
        """
        try:
            Validator.validate_pdf(file_path)
        except FileValidationError as e:
            raise PDFActionError(f"Validation failed: {e}")
    
        src_path = Path(file_path)
        out_dir = Path(output_dir)
        out_dir.mkdir(parents=True, exist_ok=True)
    
        generated_files = []
    
        try:
            reader = PdfReader(src_path)
            base_name = src_path.stem
    
            for i, page in enumerate(reader.pages):
                writer = PdfWriter()
                writer.add_page(page)
    
                out_filename = out_dir / f"{base_name}_page_{i+1}.pdf"
                with open(out_filename, "wb") as out_file:
                    writer.write(out_file)
    
                generated_files.append(out_filename)
    
            return generated_files
    
        except Exception as e:
>           raise PDFActionError(f"Failed to split PDF: {e}")
E           kagazkit.core.actions.PDFActionError: Failed to split PDF:

src\kagazkit\core\actions.py:161: PDFActionError
___________________ TestPDFManager.test_rotate_pdf_success ____________________

self = <MagicMock name='PdfWriter().close' id='2310034883824'>

    def assert_called(self):
        """assert that the mock was called at least once
        """
        if self.call_count == 0:
            msg = ("Expected '%s' to have been called." %
                   (self._mock_name or 'mock'))
>           raise AssertionError(msg)
E           AssertionError: Expected 'close' to have been called.

C:\Python310\lib\unittest\mock.py:888: AssertionError

During handling of the above exception, another exception occurred:

self = <test_actions.TestPDFManager object at 0x00000219D905F310>
mock_writer = <MagicMock name='PdfWriter' id='2310033492096'>
mock_reader = <MagicMock name='PdfReader' id='2310033499968'>
tmp_path = WindowsPath('C:/Users/farja/AppData/Local/Temp/pytest-of-farja/pytest-13/test_rotate_pdf_success0')

    @patch('kagazkit.core.actions.PdfReader')
    @patch('kagazkit.core.actions.PdfWriter')
    def test_rotate_pdf_success(self, mock_writer, mock_reader, tmp_path):
        # Mock behavior
        mock_pdf = MagicMock()
        mock_pdf.pages = [MagicMock()]
        mock_reader.return_value = mock_pdf
    
        mock_writer_instance = mock_writer.return_value
    
        input_pdf = tmp_path / "test.pdf"
        input_pdf.write_bytes(b"%PDF-1.4 dummy content")
        output_pdf = tmp_path / "rotated.pdf"
    
        # Execute
        result = PDFManager.rotate_pdf(input_pdf, output_pdf, 90)
    
        # Verify
        assert result == output_pdf
        mock_writer_instance.add_page.assert_called()
        mock_writer_instance.write.assert_called()
>       mock_writer_instance.close.assert_called()
E       AssertionError: Expected 'close' to have been called.

tests\test_actions.py:67: AssertionError
============================== warnings summary ===============================
C:\Python310\lib\site-packages\PyPDF2\__init__.py:21
  C:\Python310\lib\site-packages\PyPDF2\__init__.py:21: DeprecationWarning: PyPDF2 is deprecated. Please move to the pypdf library instead.
    warnings.warn(

-- Docs: https://docs.pytest.org/en/stable/how-to/capture-warnings.html
=========================== short test summary info ===========================
FAILED tests/test_actions.py::TestPDFManager::test_split_pdf_success - kagazk...
FAILED tests/test_actions.py::TestPDFManager::test_rotate_pdf_success - Asser...
=================== 2 failed, 11 passed, 1 warning in 0.80s ===================
